// Jest Snapshot v1, https://goo.gl/fbAQLP

exports[`Links matchesSnapshot 1`] = `<div />`;
