// Jest Snapshot v1, https://goo.gl/fbAQLP

exports[`LinkGroup matches snapshot 1`] = `
<div>
  <h4
    className="mb-3 text-muted"
  >
    September 30, 2018
  </h4>
</div>
`;
