// Jest Snapshot v1, https://goo.gl/fbAQLP

exports[`LinksContainer matches snapshot 1`] = `<div />`;
